// Jest Snapshot v1, https://goo.gl/fbAQLP

exports[`App State Provider Renders correctly enzyme 1`] = `
<div
  class="MuiBox-root css-c1a2tc"
>
  <div
    class="MuiBox-root css-1tqvppq"
  >
    <img
      class="MuiBox-root css-1domaf0"
      src="/static/logo.png"
    />
    <span
      class="MuiCircularProgress-root MuiCircularProgress-indeterminate MuiCircularProgress-colorPrimary css-hbct9n-MuiCircularProgress-root"
      role="progressbar"
      style="width:40px;height:40px"
    >
      <svg
        class="MuiCircularProgress-svg css-1idz92c-MuiCircularProgress-svg"
        viewBox="22 22 44 44"
      >
        <circle
          class="MuiCircularProgress-circle MuiCircularProgress-circleIndeterminate css-176wh8e-MuiCircularProgress-circle"
          cx="44"
          cy="44"
          fill="none"
          r="20.2"
          stroke-width="3.6"
        />
      </svg>
    </span>
  </div>
</div>
`;
