// Jest Snapshot v1, https://goo.gl/fbAQLP

exports[`Bottom Nav Bar Renders correctly enzyme 1`] = `
<div
  class="MuiBottomNavigation-root css-wpgeqa-MuiBottomNavigation-root"
  style="visibility:hidden"
>
  <a
    class="MuiTypography-root MuiTypography-inherit MuiLink-root MuiLink-underlineAlways MuiButtonBase-root MuiBottomNavigationAction-root css-1onwxme-MuiTypography-root-MuiLink-root-MuiButtonBase-root-MuiBottomNavigationAction-root"
    tabindex="0"
  >
    <svg
      aria-hidden="true"
      class="MuiSvgIcon-root MuiSvgIcon-fontSizeMedium css-i4bv87-MuiSvgIcon-root"
      data-testid="BugReportIcon"
      focusable="false"
      viewBox="0 0 24 24"
    >
      <path
        d="M20 8h-2.81c-.45-.78-1.07-1.45-1.82-1.96L17 4.41 15.59 3l-2.17 2.17C12.96 5.06 12.49 5 12 5c-.49 0-.96.06-1.41.17L8.41 3 7 4.41l1.62 1.63C7.88 6.55 7.26 7.22 6.81 8H4v2h2.09c-.05.33-.09.66-.09 1v1H4v2h2v1c0 .34.04.67.09 1H4v2h2.81c1.04 1.79 2.97 3 5.19 3s4.15-1.21 5.19-3H20v-2h-2.09c.05-.33.09-.66.09-1v-1h2v-2h-2v-1c0-.34-.04-.67-.09-1H20V8zm-6 8h-4v-2h4v2zm0-4h-4v-2h4v2z"
      />
    </svg>
    <span
      class="MuiBottomNavigationAction-label css-1n23l01-MuiBottomNavigationAction-label"
    >
      My Bugs
    </span>
  </a>
  <a
    class="MuiTypography-root MuiTypography-inherit MuiLink-root MuiLink-underlineAlways MuiButtonBase-root MuiBottomNavigationAction-root css-1onwxme-MuiTypography-root-MuiLink-root-MuiButtonBase-root-MuiBottomNavigationAction-root"
    tabindex="0"
  >
    <svg
      aria-hidden="true"
      class="MuiSvgIcon-root MuiSvgIcon-fontSizeMedium css-i4bv87-MuiSvgIcon-root"
      data-testid="AppsIcon"
      focusable="false"
      viewBox="0 0 24 24"
    >
      <path
        d="M4 8h4V4H4v4zm6 12h4v-4h-4v4zm-6 0h4v-4H4v4zm0-6h4v-4H4v4zm6 0h4v-4h-4v4zm6-10v4h4V4h-4zm-6 4h4V4h-4v4zm6 6h4v-4h-4v4zm0 6h4v-4h-4v4z"
      />
    </svg>
    <span
      class="MuiBottomNavigationAction-label css-1n23l01-MuiBottomNavigationAction-label"
    >
      All Projects
    </span>
  </a>
  <a
    class="MuiTypography-root MuiTypography-inherit MuiLink-root MuiLink-underlineAlways MuiButtonBase-root MuiBottomNavigationAction-root css-1onwxme-MuiTypography-root-MuiLink-root-MuiButtonBase-root-MuiBottomNavigationAction-root"
    tabindex="0"
  >
    <svg
      aria-hidden="true"
      class="MuiSvgIcon-root MuiSvgIcon-fontSizeMedium css-i4bv87-MuiSvgIcon-root"
      data-testid="AccountCircleIcon"
      focusable="false"
      viewBox="0 0 24 24"
    >
      <path
        d="M12 2C6.48 2 2 6.48 2 12s4.48 10 10 10 10-4.48 10-10S17.52 2 12 2zm0 3c1.66 0 3 1.34 3 3s-1.34 3-3 3-3-1.34-3-3 1.34-3 3-3zm0 14.2c-2.5 0-4.71-1.28-6-3.22.03-1.99 4-3.08 6-3.08 1.99 0 5.97 1.09 6 3.08-1.29 1.94-3.5 3.22-6 3.22z"
      />
    </svg>
    <span
      class="MuiBottomNavigationAction-label css-1n23l01-MuiBottomNavigationAction-label"
    >
      My Account
    </span>
  </a>
</div>
`;
